// Jest Snapshot v1, https://goo.gl/fbAQLP

exports[`Should render ExpenseForm correctly 1`] = `
<div>
  <form
    onSubmit={[Function]}
  >
    <input
      autoFocus={true}
      onChange={[Function]}
      placeholder="Description"
      type="text"
      value=""
    />
    <input
      onChange={[Function]}
      placeholder="Amount"
      type="text"
      value=""
    />
    <textarea
      onChange={[Function]}
      placeholder="Add a note for your expense (optional)"
      value=""
    />
    <button>
      Add Expense
    </button>
  </form>
</div>
`;
