// Jest Snapshot v1, https://goo.gl/fbAQLP

exports[`Should render ExpenseListItem correctly 1`] = `
<div>
  <Link
    to="/edit/2"
  >
    <h3>
      coffee
    </h3>
  </Link>
  <p>
    500000
     - 
    -1000
  </p>
</div>
`;
